[dotenv@17.2.3] injecting env (10) from .env.local -- tip: 🛠️  run anywhere with `dotenvx run -- yourcommand`
Testing Rapid API Wrapper...
Testing getProductDetails for ID: 1005007421833772
[RapidAPI-True] Getting details for ID: 1005007421833772
Product Found: Unknown

Testing search for "iphone"...
[RapidAPI-True] Searching for: iphone
[RapidAPI-True] Requesting: https://aliexpress-true-api.p.rapidapi.com/api/v3/products
[RapidAPI-True] Raw Response: {"current_record_count":19,"total_record_count":703433,"current_page_no":1,"products":{"product":[{"app_sale_price":"44.24","original_price":"88.49","product_detail_url":"https://www.aliexpress.com/item/1005010255949159.html?pdp_npi=4%40dis%21USD%2112.81%216.40%21%21%2188.49%2144.24%21%4021413d5a17697336334984721e2605%2112000051691297302%21affd%21%21%21","product_small_image_urls":{"string":["https://ae-pic-a1.aliexpress-media.com/kf/Sd99fa885f08a4ff3b3e71cfde4d0635bO.jpg","https://ae-pic-a1.aliexpress-media.com/kf/Secc1f43b664a4ed9bff76ebc70ef1d64d.jpg","https://ae-pic-a1.aliexpress-media.com/kf/Sfbcb8952f09e444ea62f2f8aee50e018T.jpg","https://ae-pic-a1.aliexpress-media.com/kf/S615fea5b9f0241a48e0a60be5ce2d9a3W.jpg","https://ae-pic-a1.aliexpress-media.com/kf/Se9bd1164fd3a422185679a41b25f7033Q.jpg","https://ae-pic-a1.aliexpress-media.com/kf/S70810f7d29d24242993693de162e6f06V.jpg"]},"second_level_category_name":"Mobile Phone Cases & Covers","target_sale_price":"6.40","second_level_category_id":202228401,"discount":"50%","product_main_image_url":"https://ae-pic-a1.aliexpress-media.com/kf/Sd99fa885f08a4ff3b3e71cfde4d0635bO.jpg","first_level_category_id":202192403,"target_sale_price_currency":"USD","target_app_sale_price_currency":"USD","tax_rate":"0.00","original_price_currency":"CNY","shop_url":"https://www.aliexpress.com/store/1104902387","target_original_price_currency":"USD","product_id":1005010255949159,"target_original_price":"12.81","product_video_url":"","first_level_category_name":"Phones & Telecommunications Accessories","promotion_link":"https://s.click.aliexpress.com/s/NdpwztbAIgDMmxGbP8fFks7yUFfsHjzlImSYmA68h7xlMRgzueFsRgokQ9f9hcpVKttxtQE2VzIoqkXJXrpOr6uR3zv7mP4CDO9CddoFf4t0QE5DXPy8Pgjhz4irfQSEjEGUmy5yF3A5gJ9h3NYjLMgqIMqa3zcpq5E2BC3W5EbV40Dm9buQxWpZzw1lbX8Zm2kZtNIa4KyDieNjsH7IU6Yv8StELKVvT9r4eFAaXPGhwHsgaDqdNcmY116r3GC2YvsOopeiiZPhJrV0cwgOQDSkW93v7gVKDqPkXyZF1oSWa6wSAOeznMFVlVZD5YfaU5FdyoroHcwjWm6LCcDELByKEm8CjDFStsmS99D1mFuqsqmozKts68yoSYzyl1oFsQywN2tQU2jmmpNlkp4gbYVjjZA8raXIHp6mrJsS4gIFQvewSeWc5nXSAHvvjPDXibSEBh980pM8OaK5cTrmBQGdMRpEuiYz6jqZOA00Y8GoC2Thm2yaXsgJ4f6AdQQsN2OvG3JbDPv9ci9E9C1rfwKE6ltZwNKYnMP8WMwXDG4Nima7F67Nq3HDVB046mSbhYhTmQKkgqe1zJNbMRcxco8xGwfu1qVC1F3g90AjNn36TgZvteYYjKDPtxRjjATdKvBw9aNFcLsIrwNzjEt1ZPtocVn3jfWCs946grVWhInO0o2Y000q57SrOLCHaMa6IH7QNzqHcuOGkz71LGvzbXZfL9tTxXvnAZGB26CqysWdNlvZZQMOaKS9Xu31zeWGcBDxPKbwuAqPU8GsFDPq72yT0mlYidRP8sh2HZFg0IN30Qu6YmC8VRrcEd8y0NhTNOyOPRiiHJfTqK33hpN0fu2hcRUyi59kegzweMs8ko5aORryxVDfbOYERZCT7npicZw8K6FEFS95xqi86j10pTpIdbDq8aSGllK0fyosGkDJGiTHJbHZiMCIC3nvTSS1jpXqLRx3xMszrki6pHLRHW6JmuEOXEXYTab8HuOplnCDl","sku_id":12000051691297302,"evaluate_rate":"20.0%","shop_name":"Very Good Job Store","sale_price":"44.24","product_title":"Cartoon Fluffy Fuzzy Plush 3D Fur Case For iPhone 17 pro max Cute Bear Soft cases for iphone 16 15 13 14 Pro Max Kids gift","hot_product_commission_rate":"10.0%","shop_id":1104902387,"app_sale_price_currency":"CNY","sale_price_currency":"CNY","lastest_volume":3,"target_app_sale_price":"6.40","commission_rate":"7.0%"},{"original_price":"3.99","product_detail_url":"https://www.aliexpress.com/item/1005009903529792.html?pdp_npi=4%40dis%21USD%213.99%213.99%21%21%213.99%213.99%21%4021413d5a17697336334984721e2605%2112000050530357645%21affd%21%21%21","product_small_image_urls":{"string":["https://ae-pic-a1.aliexpress-media.com/kf/Se740bc01cff84bf5a3b82f79fa5365998.jpg","https://ae-pic-a1.aliexpress-media.com/kf/S349d2248e56247c2a60a2b15134af61f7.jpg","https://ae-pic-a1.aliexpress-media.com/kf/Sc262db64cab2458894fc9c82b9b11217q.jpg","https://ae-pic-a1.aliexpress-media.com/kf/Sca39e97b5e924230941de92741e26872A.jpg","https://ae-pic-a1.aliexpress-media.com/kf/S07ee8376ecc34a488f129bf499d2b190Z.jpg"]},"second_level_category_name":"Mobile Phone Cases & Covers","target_sale_price":"3.99","second_level_category_id":202228401,"discount":"0%","product_main_image_url":"https://ae-pic-a1.aliexpress-media.com/kf/Se740bc01cff84bf5a3b82f79fa5365998.jpg","first_level_category_id":202192403,"target_sale_price_currency":"USD","tax_rate":"0.00","original_price_currency":"USD","shop_url":"https://www.aliexpress.com/store/1102251041","target_original_price_currency":"USD","product_id":1005009903529792,"target_original_price":"3.99","product_video_url":"","first_level_category_name":"Phones & Telecommunications Accessories","promotion_link":"https://s.click.aliexpress.com/s/NdpwztbAIgDMmxGbP8fFks7yUFfsHjzlImSYmA68h7xlMRgzueFsRgokQ9f9hcpVKttxtQE2VzIoqkXJXrpOr6uR3zv7mP4CDO9CddoFf4t0QE5DXPy8Pgjhz4irfQSEjEGUmy5yF3A5gJ9h3NYjLMgqIMqa3zcpq5E2BC3W5EbV40Dm9buQxWpZzw1lbX8Zm2kZtNIa4KyDieNjsH7IU6Yv8StELKVvT9r4eFAaXPGhwHsgaDqdNcmY116r3GC2YvsOopeiiZPhJrV0cwgOQDSkW93v7gVKDqPkXyZF1oSWa6wSAOeznMFVlVYQyp4qf1QIiC3gBn8NrUkbjg3603JxJf8CTOrKjor0TGJPw9kdpCm6q3OukEOpRB5ddLVdm5EqeeyOGDtwII7I0S0JMTqClzfoLn2gdV1upC562MenRyPbwBgqbEfKrPHtHLHsCPnTxJIlJyOdMP8AnolT3iDqTiB9KeM9MUm7PmrXh9wmkRln6zeKfiLCntOt1MXa9bPHcf7Dp8lyQzx57QkO1Hjvi4AWFEEoe4oOHxOk6pXm5RPYo2FlVfWllGor3fau1MmcCmfKsPcnokizeFtG5KfFIyCeY6U9GgyHMwtivkAIzSDB3QZTzyaPb0r0NOGggp8ekSqJKTwteWpeWHd10d6jA4rYTJny7alYaSuryHk5gm1fau4Cb68wQ9OgEKvM7xuTLBAiJJ09AjrUx5Tp5LwgMqGL2Wo0UBjRGuapmYog4g6vWZ1ifk8G15xenpS57njuDi1EwcJiJecYouAvuZIx4Hi4y0B7mTRfwTWHAuKzFIlRBzqHUGd5fc3U2IjJaDtpo8j9GxxrvbW4Fy4ffiIPeE8rcBmYFLyNEd1JyEzy5n0qBr5ZL4wEmkolxVuRG40hq4mCtN76icUJJgcCYNy8BTukOE70VDyQxQxfzEjqvDYJ3ShwT92afIwz4Aa9LwZu1yaexJMVCjk3wuPUaRXAaWqTD16J38dDLKYHtwahl","sku_id":12000050530357644,"shop_name":"KaiBoDi Store","sale_price":"3.99","product_title":"Cute Pink Plush Monster Phone Case for iPhone 11-16 Pro Max OPPO Reno 12 Samsung S23 Ultra, Soft Fuzzy Protective Cover","hot_product_commission_rate":"0.0%","shop_id":1102251041,"sale_price_currency":"USD","lastest_volume":0,"commission_rate":"7.0%"},{"app_sale_price":"26.33","original_price":"52.66","product_detail_url":"https://www.aliexpress.com/item/1005011550315771.html?pdp_npi=4%40dis%21USD%217.63%213.82%21%21%2152.66%2126.33%21%4021413d5a17697336334984721e2605%2112000055892202357%21affd%21%21%21","product_small_image_urls":{"string":["https://ae-pic-a1.aliexpress-media.com/kf/S77c8de1d04e444e79b94353fc7a16eed9.jpg","https://ae-pic-a1.aliexpress-media.com/kf/S101b34e6480d4eb393494c3c33e47f7bM.jpg","https://ae-pic-a1.aliexpress-media.com/kf/S801aa0e668444203ba22d3d5834bd48bA.jpg","https://ae-pic-a1.aliexpress-media.com/kf/S4043ecad7d2645a8bc70ddd63469f8b7k.jpg","https://ae-pic-a1.aliexpress-media.com/kf/S7cf9212cdf034e6892462c461daaf9feI.jpg","https://ae-pic-a1.aliexpress-media.com/kf/S984c968ffce24174a1f44aa39fd39dcej.jpg"]},"second_level_category_name":"Holders & Stands","target_sale_price":"3.82","second_level_category_id":202228620,"discount":"50%","product_main_image_url":"https://ae-pic-a1.aliexpress-media.com/kf/S77c8de1d04e444e79b94353fc7a16eed9.jpg","first_level_category_id":202192403,"target_sale_price_currency":"USD","target_app_sale_price_currency":"USD","tax_rate":"0.00","original_price_currency":"CNY","shop_url":"https://www.aliexpress.com/store/1105133437","target_original_price_currency":"USD","product_id":1005011550315771,"target_original_price":"7.63","product_video_url":"","first_level_category_name":"Phones & Telecommunications Accessories","promotion_link":"https://s.click.aliexpress.com/s/NdpwztbAIgDMmxGbP8fFks7yUFfsHjzlImSYmA68h7xlMRgzueFsRgokQ9f9hcpVKttxtQE2VzIoqkXJXrpOr6uR3zv7mP4CDO9CddoFf4t0QE5DXPy8Pgjhz4irfQSEjEGUmy5yF3A5gJ9h3NYjLMgqIMqa3zcpq5E2BC3W5EbV40Dm9buQxWpZzw1lbX8Zm2kZtNIa4KyDieNjsH7IU6Yv8StELKVvT9r4eFAaXPGhwHsgaDqdNcmY116r3GC2YvsOopeiiZPhJrV0cwgOQDSkW93v7gVKDqPkXyZF1oSWa6wSAOeznMFVlVZDhT4nOhpQvBm3XruoCqHHBLCOORQvAPT9Mr7TSUeeIo1fdd4YMk1s7DYCQTTvAAQkztgwRVAcZWmRNwxe4wGSutlvrlTlTaq6GFPLVdL5yYB83sz1dyvH3TNOJGNtZWEgS2MBoQ9WGx2Ja2Ijsk4BnyIoFFL3AbY9iRSZDGro0U42Q5SRauIXvYCtEP2YHveLdCuFdba2nzRNdThLTZqK2s1KbdTdSxq0LPMXq4a31owY9A3BjDT0ng5d32PNuHiwripouuSdHHoJpUqBzQWuLjvOGvNGViNCVhb4siLXilPsP6iZrggH5Vfdw3mw660sD9ItLwzWKK68sOKKNIGCyqtnx4NjDt9ll4QVny530W75hrlQmwQDXHXGOzXFEn8FB7UsQUGJCEyzaA4sauPkCdnSFoKGU4e337as50e0jyllVVOZgQvy7sBtEXNhOdtlpvxursfnVjRo1Pj2yHVGvcKRyi75k5cj6W87QCG0BPXXKfmVRUCThtM6j4KhgfwCfqnighjhSl0H5lLuMfnjA2n07jXbdLQuIE0dEnDGDEjBmiZuhrrx2z6We7J41HC3B0NRbI4t7jXh8FHQoIBaxxxOt5W7HwHWV5Rgr2SPPPwdkyInEUoQCjqhZU7PzlZuHr3do3gVVN7QoExxKfsJfjbJNqvF4Ikob30smmANp5kB8ZVjl","sku_id":12000055892202356,"shop_name":"HuaQiang North Digital Store","sale_price":"26.33","product_title":"New Year Gifts Phone Holder Cute Ponies Refrigerator Magnets for iPhone Samsung Cartoon Phone Stand for iPhone Magsafe Smart Tok","hot_product_commission_rate":"0.0%","shop_id":1105133437,"app_sale_price_currency":"CNY","sale_price_currency":"CNY","lastest_volume":0,"target_app_sale_price":"3.82","commission_rate":"7.0%"},{"app_sale_price":"32.70","original_price":"69.57","product_detail_url":"https://www.aliexpress.com/item/1005010322912707.html?pdp_npi=4%40dis%21USD%2110.07%214.73%21%21%2169.57%2132.70%21%4021413d5a17697336334984721e2605%2112000051951890538%21affd%21%21%21","product_small_image_urls":{"string":["https://ae-pic-a1.aliexpress-media.com/kf/S06e44d971ff74af9ae59624180bfd062L.jpg","https://ae-pic-a1.aliexpress-media.com/kf/S1614bf9ea639428d833f919274406c80t.jpg","https://ae-pic-a1.aliexpress-media.com/kf/Se355c8e0406446feba05e1c0bbee0c04m.jpg","https://ae-pic-a1.aliexpress-media.com/kf/S56213fc29f9f4753a9e1666b78ac3490d.jpg","https://ae-pic-a1.aliexpress-media.com/kf/Sab29ffe3e50142fd9e2d25d5c33d199fT.jpg","https://ae-pic-a1.aliexpress-media.com/kf/S67f44ea04021451bbc25025a33c0f609p.jpg"]},"second_level_category_name":"Portable Audio & Video","target_sale_price":"4.73","second_level_category_id":100000306,"discount":"53%","product_main_image_url":"https://ae-pic-a1.aliexpress-media.com/kf/S06e44d971ff74af9ae59624180bfd062L.jpg","first_level_category_id":44,"target_sale_price_currency":"USD","target_app_sale_price_currency":"USD","tax_rate":"0.00","original_price_currency":"CNY","shop_url":"https://www.aliexpress.com/store/1105202306","target_original_price_currency":"USD","product_id":1005010322912707,"target_original_price":"10.07","product_video_url":"","first_level_category_name":"Consumer Electronics","promotion_link":"https://s.click.aliexpress.com/s/NdpwztbAIgDMmxGbP8fFks7yUFfsHjzlImSYmA68h7xlMRgzueFsRgokQ9f9hcpVKttxtQE2VzIoqkXJXrpOr6uR3zv7mP4CDO9CddoFf4t0QE5DXPy8Pgjhz4irfQSEjEGUmy5yF3A5gJ9h3NYjLMgqIMqa3zcpq5E2BC3W5EbV40Dm9buQxWpZzw1lbX8Zm2kZtNIa4KyDieNjsH7IU6Yv8StELKVvT9r4eFAaXPGhwHsgaDqdNcmY116r3GC2YvsOopeiiZPhJrV0cwgOQDSkW93v7gVKDqPkXyZF1oSWa6wSAOeznMFVlVZbumM9ZKZH0TVt18obqWPCS91crxuv5bGoVMDk0dTpImp46Ke7zLcr4eAnXzVIRUYN6LyVaa3OPEXFy8QGbBRCG4UNmteS8aQwvsaLeujnJ1jXdyZu8lXcT63kTRFNpayg3AFL3hU9rDvu5EzkPyXZzAiUlwl9dvAI35yo710ApvQ9pv5pSScpaNyQECsB12GEwuFIeoi45UDZCORVLehT2DyOgsOdUgzxKi8RXhLUeQRCQVdhyp34lUURTMStcw15ADgbZzvq6xGdNV5X06qod3kryfVlNDPMqHH3iS4ktBhwaEMRsOEea1Y9IRLlm9niRypCtJyoUXiKyMXYcPNpuExb8YFaQ8a2fz49sSAgfCx5O2FZ8p7XXC6tIuYXe4gQLrHEsspZYcxhFmFHlm0esTG9eGIy2dPljY9UtFcxWFJ6G5ugBXrm6qczYBS3dt8G9SdtYwogeq8BhCy260DtF9HwKVOuadfNP02VDmhMWTdQC4V14c9gSim8EQDj9f4HSlargU31oAOfNlO9ww9CUtDlwmHtrbaucHLrnW8cUsVucN9hmFQjJ1G2JwiSo9tSKNfqURVeqR5UiP7wtR6wdb0vBuusrPIOdNnJb8rhJuz6b8c9GDocfewdrSnO4UawGeb4Ax14W2s5olV0er2HB9IsqNl9uduGpgTpo3sAO6fknr4IJ","sku_id":12000051951890538,"shop_name":"ShunShun918 Store","sale_price":"32.70","product_title":"Wireless Lavalier Microphone Audio Recording Mini Replaceable Windproof Wool Microphone for iPhone Shoot vlog YouTube","hot_product_commission_rate":"0.0%","shop_id":1105202306,"app_sale_price_currency":"CNY","sale_price_currency":"CNY","lastest_volume":1,"target_app_sale_price":"4.73","commission_rate":"7.0%"},{"app_sale_price":"14.35","original_price":"28.70","product_detail_url":"https://www.aliexpress.com/item/1005009656592346.html?pdp_npi=4%40dis%21USD%214.16%212.08%21%21%2128.70%2114.35%21%4021413d5a17697336334984721e2605%2112000049785599394%21affd%21%21%21","product_small_image_urls":{"string":["https://ae-pic-a1.aliexpress-media.com/kf/Seeb95a2f539846349a54ae062bf8b67er.jpg","https://ae-pic-a1.aliexpress-media.com/kf/S000ec46bacfc4f6f875ce00e39e4e224N.jpg","https://ae-pic-a1.aliexpress-media.com/kf/S0daab1ba05f148a2b2c3d7f641a4b8138.jpg","https://ae-pic-a1.aliexpress-media.com/kf/S4df43f88c6e04c63b78c315581bb46f6N.jpg","https://ae-pic-a1.aliexpress-media.com/kf/Sb87ca3d8914e421fb9a910b684ae4738t.jpg","https://ae-pic-a1.aliexpress-media.com/kf/Se1b9be9768164a428f4910f013d7b574h.jpg"]},"second_level_category_name":"Holders & Stands","target_sale_price":"2.08","second_level_category_id":202228620,"discount":"50%","product_main_image_url":"https://ae-pic-a1.aliexpress-media.com/kf/Seeb95a2f539846349a54ae062bf8b67er.jpg","first_level_category_id":202192403,"target_sale_price_currency":"USD","target_app_sale_price_currency":"USD","tax_rate":"0.00","original_price_currency":"CNY","shop_url":"https://www.aliexpress.com/store/1103232183","target_original_price_currency":"USD","product_id":1005009656592346,"target_original_price":"4.16","product_video_url":"","first_level_category_name":"Phones & Telecommunications Accessories","promotion_link":"https://s.click.aliexpress.com/s/NdpwztbAIgDMmxGbP8fFks7yUFfsHjzlImSYmA68h7xlMRgzueFsRgokQ9f9hcpVKttxtQE2VzIoqkXJXrpOr6uR3zv7mP4CDO9CddoFf4t0QE5DXPy8Pgjhz4irfQSEjEGUmy5yF3A5gJ9h3NYjLMgqIMqa3zcpq5E2BC3W5EbV40Dm9buQxWpZzw1lbX8Zm2kZtNIa4KyDieNjsH7IU6Yv8StELKVvT9r4eFAaXPGhwHsgaDqdNcmY116r3GC2YvsOopeiiZPhJrV0cwgOQDSkW93v7gVKDqPkXyZF1oSWa6wSAOeznMFVlVZcck7T7I1Tz8n2ZSy8Ln6eOXL9o0fWD47ErUEor9zb6DrKjI9YflFcuWDRhJcAGK7wScIIXg6iaYxfknrfEWaovKre4dLzN6yjEe4i957F0pTQ1OJNPG02gpTKvHC7BpkEGFqx3tx5XJ9mOGrDIkckhO0OOEA3Rwrcunq8MUlak58WGU3BXIsZxwoWrQ2MWZXLk4uHRUQBLLuJhbIlNY36CQS4vo276kUKIiYxxWysNFJqtKuRP0ASVA5MEcu7HuAwsvVchAdMPTi3QegwJadQgkN4Dk0DKlrls1HT7BgkWN5TonBzTNY9p5FGGNrnDZ8A27YSvGkIKVk3kwyPmdwQo3Eo2B31BU4eqyRkQu7JvH9VkOAWsF7BM39k0QK3aTUjEugYY7HLXmhhdnFK6m8DWWn4MCelmVRPkV6BEqKBOaT8hbwGPhazj0FktWvB7LNcr0AOKZaN3H5DDy61wXuJcZXoPBHYFQHSGlBp1znt1fpqEBwU4zScQLVyOEDUUcpP5PEe0z28AYFRNbc3UPPObhhQxQdNRepHACqWwJg6XsefoHagDLjSeGkjUTCusqlmvUNYfFEY2Q2WnAHA4urCJQRn7AGIAE67XnJUDyl2x4YD8zpjI51l9bdo1d8xO6nbE4R749GN1xxIbwFiKi8AtItHAs80pNyNaBDWptsJJIJySYLj9","sku_id":12000049785599394,"evaluate_rate":"78.4%","shop_name":"Anlin Technology Store","sale_price":"14.35","product_title":"Vacuum Magnetic Phone Holder Stand, for Magsafe Suction Cup Phone MountAdjustable Swivel Lock, for Your Car/Gym/Mirror","hot_product_commission_rate":"0.0%","shop_id":1103232183,"app_sale_price_currency":"CNY","sale_price_currency":"CNY","lastest_volume":714,"target_app_sale_price":"2.08","commission_rate":"7.0%"},{"app_sale_price":"54.92","original_price":"141.87","product_detail_url":"https://www.aliexpress.com/item/1005010749472080.html?pdp_npi=4%40dis%21USD%2120.54%217.95%21%21%21141.87%2154.92%21%4021413d5a17697336334984721e2605%2112000053386624160%21affd%21%21%21","product_small_image_urls":{"string":["https://ae-pic-a1.aliexpress-media.com/kf/S481d13c081df4f8aacd465e9b9d65539n.jpg","https://ae-pic-a1.aliexpress-media.com/kf/Se43889c2101d47d7af9f4180844f7686B.jpg","https://ae-pic-a1.aliexpress-media.com/kf/S1bb745e9faf7409eb9008930398ee0fbn.jpg","https://ae-pic-a1.aliexpress-media.com/kf/S84749ffbc2ed4f58b0e9c1378645f9ffC.jpg","https://ae-pic-a1.aliexpress-media.com/kf/S37df96a902e846c89f2e43b563273d19a.jpg","https://ae-pic-a1.aliexpress-media.com/kf/S50b7ee2a55d14d22bbe3ab2cd09a0733w.jpg"]},"second_level_category_name":"Portable Audio & Video","target_sale_price":"7.95","second_level_category_id":100000306,"discount":"61%","product_main_image_url":"https://ae-pic-a1.aliexpress-media.com/kf/S481d13c081df4f8aacd465e9b9d65539n.jpg","first_level_category_id":44,"target_sale_price_currency":"USD","target_app_sale_price_currency":"USD","tax_rate":"0.00","original_price_currency":"CNY","shop_url":"https://www.aliexpress.com/store/1103724120","target_original_price_currency":"USD","product_id":1005010749472080,"target_original_price":"20.54","product_video_url":"","first_level_category_name":"Consumer Electronics","promotion_link":"https://s.click.aliexpress.com/s/NdpwztbAIgDMmxGbP8fFks7yUFfsHjzlImSYmA68h7xlMRgzueFsRgokQ9f9hcpVKttxtQE2VzIoqkXJXrpOr6uR3zv7mP4CDO9CddoFf4t0QE5DXPy8Pgjhz4irfQSEjEGUmy5yF3A5gJ9h3NYjLMgqIMqa3zcpq5E2BC3W5EbV40Dm9buQxWpZzw1lbX8Zm2kZtNIa4KyDieNjsH7IU6Yv8StELKVvT9r4eFAaXPGhwHsgaDqdNcmY116r3GC2YvsOopeiiZPhJrV0cwgOQDSkW93v7gVKDqPkXyZF1oSWa6wSAOeznMFVlVZe0cC6nRCFFl2TV4zIrUYrK8ylVIALoRcitwpy5t09WD2sdzYthjhtZqkYdE4E2szQktrorr1FY2Dnbz0ZkOYsssjJIdEEqvLLfe3lw8jb6hXE8eft9Tp7inWF26N9dZI1S4IMrCZiziMafGAzJZ0GkdQ1PdaJVrE48DRi6qP44EFX93mgpplrsxTet2CBM4TTUuCSFX90v9XfvBLgSFUZgPotS8FXkwt9AHMNOBPcQAGCW7M5nUhyvW8YF46XArn44inHhEyAXW0rVcXZxrIhBvSszXekKSxPEIrZ1EZQQWZc8jLb5ozXMJ4B6vpU3shuJC8bgmY1XSGMPEiDkOQ0B4Qmx9Bx2pc70APZiTmtFReNLUz2hlOoPLrH1Pt7WOWYUd4nrkFegYHgrl6OTZTWKzx6n7h4SiYKKYeJtYb4EH9leg32goMr9KtsS0Fi24OpB4ru6FI6XycdV9kDc4uViqRWP5QMNX99aMTZCYTTfEEGTk2bcCE6K3fI03HkFW21jjEFBOGmyrDJ7HduL7eS7QdxKi90kgwsFrk5dEtlUS7CCjbsiXhgD4Z8jp7zFYSnF9ssxTDpMHERa0LTXQCr5DfvMogHTwzhTBTZWr7AxvXzgn2EmpKCeaucbNRsuMxdm3NRMXSe3a3IMd2PlSM5ylhnsxPebALZsGnlpFKnRsSy3h3VZ","sku_id":12000053386624160,"shop_name":"Bessis Digital Store","sale_price":"54.92","product_title":"Wireless Lavalier Microphone with Digital Charging Compartment Intelligent Noise Cancellation for Android & iPhone 15 16 17","hot_product_commission_rate":"0.0%","shop_id":1103724120,"app_sale_price_currency":"CNY","sale_price_currency":"CNY","lastest_volume":1,"target_app_sale_price":"7.95","commission_rate":"7.0%"},{"app_sale_price":"110.25","original_price":"262.49","product_detail_url":"https://www.aliexpress.com/item/1005010435298650.html?pdp_npi=4%40dis%21USD%2138.01%2115.97%21%21%21262.49%21110.25%21%4021413d5a17697336334984721e2605%2112000052396423687%21affd%21%21%21","product_small_image_urls":{"string":["https://ae-pic-a1.aliexpress-media.com/kf/Sfe507493b4074ebf9404f785d0f36107h.jpg","https://ae-pic-a1.aliexpress-media.com/kf/S2431c96a189e4dce96d71f8b9642bff2B.jpg","https://ae-pic-a1.aliexpress-media.com/kf/Sf0e3b3c7377e47a7b7a9e0181e1aa912I.jpg","https://ae-pic-a1.aliexpress-media.com/kf/Sf9d6b165001b4d7dbbfbba9e4fb77e25v.jpg","https://ae-pic-a1.aliexpress-media.com/kf/S09ac2235787f41d4b14c8249a4d7b88a1.jpg","https://ae-pic-a1.aliexpress-media.com/kf/S5cc1d89f90c14af1aa955b852bae8fdcy.jpg"]},"second_level_category_name":"Portable Audio & Video","target_sale_price":"15.97","second_level_category_id":100000306,"discount":"58%","product_main_image_url":"https://ae-pic-a1.aliexpress-media.com/kf/Sfe507493b4074ebf9404f785d0f36107h.jpg","first_level_category_id":44,"target_sale_price_currency":"USD","target_app_sale_price_currency":"USD","tax_rate":"0.00","original_price_currency":"CNY","shop_url":"https://www.aliexpress.com/store/1103590059","target_original_price_currency":"USD","product_id":1005010435298650,"target_original_price":"38.01","product_video_url":"","first_level_category_name":"Consumer Electronics","promotion_link":"https://s.click.aliexpress.com/s/NdpwztbAIgDMmxGbP8fFks7yUFfsHjzlImSYmA68h7xlMRgzueFsRgokQ9f9hcpVKttxtQE2VzIoqkXJXrpOr6uR3zv7mP4CDO9CddoFf4t0QE5DXPy8Pgjhz4irfQSEjEGUmy5yF3A5gJ9h3NYjLMgqIMqa3zcpq5E2BC3W5EbV40Dm9buQxWpZzw1lbX8Zm2kZtNIa4KyDieNjsH7IU6Yv8StELKVvT9r4eFAaXPGhwHsgaDqdNcmY116r3GC2YvsOopeiiZPhJrV0cwgOQDSkW93v7gVKDqPkXyZF1oSWa6wSAOeznMFVlVYQG1DzO1evlS6qFY0TJqihVZJmByoIGSHJxyjxx5nFTRY9Tw16aNsJA2xwKvZA9JIV5uaee5H7ZZecPSLak3LrXe5MkprHT4M9pZKUQ0epcBcED6C7U2wBO7GfLg07rUrWCbULmLM5dOlP9m2GeT937uOpCjh37uWopsjJENd4tyiV64bbDF17eiy1Lse6B8P8HwvHBwZWce1mmV8fp6lL9baUHxUaQNrVKmubtaCeG54OYYIlNknN35Lxf37uwrk8yzYNuGBX6OEbeJ3DStEKLJunl1tbByXudoD573FXLqoEpPPI0UBNwMrJstROaNWrF8mcns05ZrbaZaXIwfhgMbZ6jAqTCyOzWuBqlTMyAQ5M7bZctLfymVn6Qhi0aijBzmZq31hx2MfXq0SItn4PGAMwOEicHpeMehxyFoZuGAeFFF4CvraCy9cUlAtqGDEA4CHjqxnKb2pxH2ez9u07pl7lucfn6Nq9WWcA5hRG7Mg8CB394ToQs2MTc1yn8SNNpWNcjsDDqiJpLCYk28HhrWoZVi1yi3rWWpGiRrqOwHcLa8TCjL0D7T4UZm6USVdWBhywqyFxYx1Jo5TvBuMrHfJcOvtSTnXLfWb5pYWncKf4CQ4AAOfY9DkjsmGmmyUrRudYNwR0WpJttKYfs05t46eYQmYa7NHNE5jUz1TiWQPOiMnjz","sku_id":12000052396423688,"evaluate_rate":"100.0%","shop_name":"Sansui Audio Tech Store","sale_price":"110.25","product_title":"Monster N10 PRO Wireless Lavalier Lapel Microphone for iPhone 7-17 iOS/Android Type-C Phone Live Game Recording Interview Vlog","hot_product_commission_rate":"8.0%","shop_id":1103590059,"app_sale_price_currency":"CNY","sale_price_currency":"CNY","lastest_volume":1,"target_app_sale_price":"15.97","commission_rate":"7.0%"},{"app_sale_price":"89.61","original_price":"190.66","product_detail_url":"https://www.aliexpress.com/item/1005010479632289.html?pdp_npi=4%40dis%21USD%2127.61%2112.98%21%21%21190.66%2189.61%21%4021413d5a17697336334984721e2605%2112000052542382231%21affd%21%21%21","product_small_image_urls":{"string":["https://ae-pic-a1.aliexpress-media.com/kf/Se07afe3e23684a618cd2f44f352d54a3c.jpg","https://ae-pic-a1.aliexpress-media.com/kf/S8b0f4e82fdd1426795f5591cb6112e7aW.jpg","https://ae-pic-a1.aliexpress-media.com/kf/S98134730c4f34949aa8ceed926cbdd1ak.jpg","https://ae-pic-a1.aliexpress-media.com/kf/S9d31a334d7c94810b70550c06d0768ecR.jpg","https://ae-pic-a1.aliexpress-media.com/kf/S8204afab8f194bf7bb985459054a9c50t.jpg","https://ae-pic-a1.aliexpress-media.com/kf/S26464bc1ed3a44e68bf267d72e313984P.jpg"]},"second_level_category_name":"Holders & Stands","target_sale_price":"12.98","second_level_category_id":202228620,"discount":"53%","product_main_image_url":"https://ae-pic-a1.aliexpress-media.com/kf/Se07afe3e23684a618cd2f44f352d54a3c.jpg","first_level_category_id":202192403,"target_sale_price_currency":"USD","target_app_sale_price_currency":"USD","tax_rate":"0.00","original_price_currency":"CNY","shop_url":"https://www.aliexpress.com/store/1104032075","target_original_price_currency":"USD","product_id":1005010479632289,"target_original_price":"27.61","product_video_url":"","first_level_category_name":"Phones & Telecommunications Accessories","promotion_link":"https://s.click.aliexpress.com/s/NdpwztbAIgDMmxGbP8fFks7yUFfsHjzlImSYmA68h7xlMRgzueFsRgokQ9f9hcpVKttxtQE2VzIoqkXJXrpOr6uR3zv7mP4CDO9CddoFf4t0QE5DXPy8Pgjhz4irfQSEjEGUmy5yF3A5gJ9h3NYjLMgqIMqa3zcpq5E2BC3W5EbV40Dm9buQxWpZzw1lbX8Zm2kZtNIa4KyDieNjsH7IU6Yv8StELKVvT9r4eFAaXPGhwHsgaDqdNcmY116r3GC2YvsOopeiiZPhJrV0cwgOQDSkW93v7gVKDqPkXyZF1oSWa6wSAOeznMFVlVZDw7lBHaqWdM165ZcZV2vEQ45GlW8MF6Wqz34VJIExRWjAbjgkyuX0L0h4S9vjeagbioy166zC8WCnf237lx3IBHlQvUA5GOr1F9fs1hkV2UPwQDApC5ZdwuyAIvLke2kA6burv7RVODbqEwZD8P0kYNJUqyoITg2AeyeHtJIlBxuBfEj3OOmtePVxuRtiLSr0EFfaL9gx1jZ2LvdT66ldNWK2xTnnvKGlRxW0yd7Lzls9mopXx0VTTU38Okj90LkiZzHnFRpU4S05eAWkIvO5rKSrSPeejUvvUdG9VMaBkt5iA8FiZUhvbABesd6WqJ1Nw09i49HmhCuTeRGbgciGNjR7mJ97qsECmVcQLrA1B84GNehYFBkQlGsgi9fNAebYhRLlmHCPuUcCdqemy2o52MVwuvOf8bECGrdwxzuq5XDQ267XWqwOVm5yNGH3lX7G96o9kfXqQKUe8NnsEA9IX0uwJv58I6abf40W5HEgAsTqDxCFb8crfnBSZhfApByYHPKOqXMz09kMa95hJmg7OnN5V0n1KSwjoGWYcNOPu3YusjGCzsKSelL8xHVj8fOBxERFQ519BhJ1K3jURSAKaTmwtaXmAVucu9JdQZDtO5Xai1KlhFSkFFA0ie7d8Vm86RyNAISwH7rL0gKxRRfWiAsaAGaKJdBZokfWRN5UtMfBBkGpH","sku_id":12000052542382232,"shop_name":"VIKEFON Digital Life Store","sale_price":"89.61","product_title":"Magnetic Wireless Car Charger Mount Vacuum Suction Cup Phone Holder Stand For iPhone 17 16 15 14 13 12 Pro Max Fast Charging","hot_product_commission_rate":"0.0%","shop_id":1104032075,"app_sale_price_currency":"CNY","sale_price_currency":"CNY","lastest_volume":0,"target_app_sale_price":"12.98","commission_rate":"7.0%"},{"app_sale_price":"228.79","original_price":"317.77","product_detail_url":"https://www.aliexpress.com/item/1005010442801008.html?pdp_npi=4%40dis%21USD%2146.01%2133.13%21%21%21317.77%21228.79%21%4021413d5a17697336334984721e2605%2112000052424207557%21affd%21%21%21","product_small_image_urls":{"string":["https://ae-pic-a1.aliexpress-media.com/kf/S600c88809317433c895b02010f30e07ay.jpg","https://ae-pic-a1.aliexpress-media.com/kf/S324dc64243724032af22393794ad47eeh.jpg","https://ae-pic-a1.aliexpress-media.com/kf/S28c140a4344f49348a3fcadf881d07951.jpg","https://ae-pic-a1.aliexpress-media.com/kf/S142489e8f7364250858d53df5f49e65dM.jpg","https://ae-pic-a1.aliexpress-media.com/kf/S3ccf859fa96643489161d3302464f793Z.jpg","https://ae-pic-a1.aliexpress-media.com/kf/S4bab3035813e4ecfa78112c36781e6e6A.jpg"]},"second_level_category_name":"Portable Audio & Video","target_sale_price":"33.13","second_level_category_id":100000306,"discount":"28%","product_main_image_url":"https://ae-pic-a1.aliexpress-media.com/kf/S600c88809317433c895b02010f30e07ay.jpg","first_level_category_id":44,"target_sale_price_currency":"USD","target_app_sale_price_currency":"USD","tax_rate":"0.00","original_price_currency":"CNY","shop_url":"https://www.aliexpress.com/store/1105236353","target_original_price_currency":"USD","product_id":1005010442801008,"target_original_price":"46.01","product_video_url":"","first_level_category_name":"Consumer Electronics","promotion_link":"https://s.click.aliexpress.com/s/NdpwztbAIgDMmxGbP8fFks7yUFfsHjzlImSYmA68h7xlMRgzueFsRgokQ9f9hcpVKttxtQE2VzIoqkXJXrpOr6uR3zv7mP4CDO9CddoFf4t0QE5DXPy8Pgjhz4irfQSEjEGUmy5yF3A5gJ9h3NYjLMgqIMqa3zcpq5E2BC3W5EbV40Dm9buQxWpZzw1lbX8Zm2kZtNIa4KyDieNjsH7IU6Yv8StELKVvT9r4eFAaXPGhwHsgaDqdNcmY116r3GC2YvsOopeiiZPhJrV0cwgOQDSkW93v7gVKDqPkXyZF1oSWa6wSAOeznMFVlVZeieDmvr6bFGVfm0srGPoNMKo717vWktsuxoLjhCVtn6SgWQ7CwEHfz702UvZto2kuiEGc5rrWp9nG0JmQBA4NePWjD0dDh3Y3hu36yFKLT7ScnhHEmjeTLAQ4OZd25kK1fF9nZP8bE7z4Rs7kzuf453uon57vQETthpeei9oAay74OsqaXzKCDSgFfXuHzJVdyQyBffANEf36yHprypD1Uk0SddunjsewoHH58vjZucFqjadZ8iSuxzVpevh3wqQh5MvDIHsX5smZEeFSz3VqJHRCAXr00FhVoJrtcy3cmoKKlXUHYgeF9zq8as3bGyFpBCqaFkPwf9vAHP2KBPaaJc5mEWz9WSp0Acf53vMYv6K79FNtbsSa5CNfCjpvShwu4Cv4Gsbb3fIbt0P7e7aMMjVtTg3MyZGq1Hat4KlJEdDbTCBVTR0Rlq5Al2boWjJGFKAPVvcqcpKAA6tCAyxzhc9dmOhPlvayp8SxksY28QRC5iOSQuhm6QADTdHNhNxpErZgHLZ7hRdi1ExNWdJHlJEMnFMil9k9O3zt2RecdCvJbjfuEBnwWlfZre6Zz6cJyGrC6EROZnhsVaCl2tUAOu8mMSwCCt2ja1lw9eRTWC3i4f1ZFrHMeYC41EeHF1YPbFYoUvqRqnk14SWsIlAVb4lr4kbGXMYwI4cQ1x3amQDLBINcB","sku_id":12000052424207556,"shop_name":"Luminote Store","sale_price":"228.79","product_title":"LINIM Wireless Lavalier Microphone Noise Cancellation 23H Battery for iPhone Camera Type-C for Vlog Interview Live Streaming M8","hot_product_commission_rate":"0.0%","shop_id":1105236353,"app_sale_price_currency":"CNY","sale_price_currency":"CNY","lastest_volume":2,"target_app_sale_price":"33.13","commission_rate":"7.0%"},{"app_sale_price":"7.01","original_price":"14.30","product_detail_url":"https://www.aliexpress.com/item/1005010651979849.html?pdp_npi=4%40dis%21USD%212.07%211.01%21%21%2114.30%217.01%21%4021413d5a17697336334984721e2605%2112000053084559228%21affd%21%21%21","product_small_image_urls":{"string":["https://ae-pic-a1.aliexpress-media.com/kf/S1ac7f37a248e40a28ea8e40b544baa96S.jpg","https://ae-pic-a1.aliexpress-media.com/kf/Sf218adddcc95421ea4229f2acd3e6bb9l.jpg","https://ae-pic-a1.aliexpress-media.com/kf/S0b2853d92c33468f862b5efa4c635681h.jpg","https://ae-pic-a1.aliexpress-media.com/kf/S477d55ef0cf346898f0000863c885a6bb.jpg","https://ae-pic-a1.aliexpress-media.com/kf/S132410182a3a48c3bdf7ede1aed23b01q.jpg","https://ae-pic-a1.aliexpress-media.com/kf/S5eaaff784dea4d429d4189aeea78a072Y.jpg"]},"second_level_category_name":"Holders & Stands","target_sale_price":"1.01","second_level_category_id":202228620,"discount":"51%","product_main_image_url":"https://ae-pic-a1.aliexpress-media.com/kf/S1ac7f37a248e40a28ea8e40b544baa96S.jpg","first_level_category_id":202192403,"target_sale_price_currency":"USD","target_app_sale_price_currency":"USD","tax_rate":"0.00","original_price_currency":"CNY","shop_url":"https://www.aliexpress.com/store/1105169727","target_original_price_currency":"USD","product_id":1005010651979849,"target_original_price":"2.07","product_video_url":"","first_level_category_name":"Phones & Telecommunications Accessories","promotion_link":"https://s.click.aliexpress.com/s/NdpwztbAIgDMmxGbP8fFks7yUFfsHjzlImSYmA68h7xlMRgzueFsRgokQ9f9hcpVKttxtQE2VzIoqkXJXrpOr6uR3zv7mP4CDO9CddoFf4t0QE5DXPy8Pgjhz4irfQSEjEGUmy5yF3A5gJ9h3NYjLMgqIMqa3zcpq5E2BC3W5EbV40Dm9buQxWpZzw1lbX8Zm2kZtNIa4KyDieNjsH7IU6Yv8StELKVvT9r4eFAaXPGhwHsgaDqdNcmY116r3GC2YvsOopeiiZPhJrV0cwgOQDSkW93v7gVKDqPkXyZF1oSWa6wSAOeznMFVlVZe0mRZey4q3bl4fa7L98xPKC0Atgy2kDtpBUThodshvteHZKG9N8byNMAT5yDteB3Oz2Oz1evgAgXLXTh7VFVuvdQpn2b91dQB8zIoWdA6SDT3HbHfdbJc80UyxTqCvFtu0y3l5cEHgxjAH9TZfEakgEaBhRLsaeFUNM0ydiQBv8wwYx14Mir5hFoKaDEMJUfk2hk92uPefY3YRxhHJcCCyiHNXh4nxYDb9yOE9wb293P3TEpL7C2F7O4XThZ0UZRJQwB39MfbTWzF2iJn535JzbbdzbOFAyarOlW3ysfS6mxgHnCJZBpgQVju8OsIRdFQR3CKrEgGeTzDvzUu3HnPln2lBXkBnbniiRI9i9GenEBwL4OxRhpEUuvONi3eF8Pabxc284c4taUFatAS9TaN1NXNda3wpTCnCHf3Me1So5QdYgrg4qFpfY1rq2CIpNu4PYY0ctPJTklbjwMlXvVuaPEPnsRylxaDJSWW78PFqSM5fWgxbdwxpLGTkmWsrVzYHArVreJTnaxN2mWaCSivftJEGy5ppqPjhzdsgVVGz2TzzFeKJX3Yw1ghUZ2u3dgGJOHGjC3cnV3mrAsypFUT32vHIKGfGTKMPELSQYeN4vrUDh9qJvKinXyHjhCLbRMa6E5QVldu1hvxHicsahltrS3LvYMdORNaJ2E3Df2rRYlOYytET","sku_id":12000053084559228,"shop_name":"XIKCU 3C Factory Store","sale_price":"7.01","product_title":"Multifunctional Suction Cup Wall Stand Silicone Suction Phone Holder Mat Square Anti-Slip Single-Sided Case Mount Back Sticker","hot_product_commission_rate":"0.0%","shop_id":1105169727,"app_sale_price_currency":"CNY","sale_price_currency":"CNY","lastest_volume":1,"target_app_sale_price":"1.01","commission_rate":"7.0%"},{"app_sale_price":"38.25","original_price":"76.50","product_detail_url":"https://www.aliexpress.com/item/1005010608734709.html?pdp_npi=4%40dis%21USD%2111.08%215.54%21%21%2176.50%2138.25%21%4021413d5a17697336334984721e2605%2112000052961797161%21affd%21%21%21","product_small_image_urls":{"string":["https://ae-pic-a1.aliexpress-media.com/kf/S43bac752b27c4222ac6024fa68607cbe5.jpg","https://ae-pic-a1.aliexpress-media.com/kf/S3843800f185044359e694fadac95eefd7.jpg","https://ae-pic-a1.aliexpress-media.com/kf/S201bd43aead84c33989bf490c165a4c8b.jpg","https://ae-pic-a1.aliexpress-media.com/kf/S1fec2944fd3949bb8f2a74e0a3ff3e6dZ.jpg","https://ae-pic-a1.aliexpress-media.com/kf/Sc026a2c6c55447889be8bbe22030ad63w.jpg","https://ae-pic-a1.aliexpress-media.com/kf/S9a491b2a564d4fa3abd03e28ddea4b6bj.jpg"]},"second_level_category_name":"Mobile Phone Cases & Covers","target_sale_price":"5.54","second_level_category_id":202228401,"discount":"50%","product_main_image_url":"https://ae-pic-a1.aliexpress-media.com/kf/S43bac752b27c4222ac6024fa68607cbe5.jpg","first_level_category_id":202192403,"target_sale_price_currency":"USD","target_app_sale_price_currency":"USD","tax_rate":"0.00","original_price_currency":"CNY","shop_url":"https://www.aliexpress.com/store/1102923529","target_original_price_currency":"USD","product_id":1005010608734709,"target_original_price":"11.08","product_video_url":"","first_level_category_name":"Phones & Telecommunications Accessories","promotion_link":"https://s.click.aliexpress.com/s/NdpwztbAIgDMmxGbP8fFks7yUFfsHjzlImSYmA68h7xlMRgzueFsRgokQ9f9hcpVKttxtQE2VzIoqkXJXrpOr6uR3zv7mP4CDO9CddoFf4t0QE5DXPy8Pgjhz4irfQSEjEGUmy5yF3A5gJ9h3NYjLMgqIMqa3zcpq5E2BC3W5EbV40Dm9buQxWpZzw1lbX8Zm2kZtNIa4KyDieNjsH7IU6Yv8StELKVvT9r4eFAaXPGhwHsgaDqdNcmY116r3GC2YvsOopeiiZPhJrV0cwgOQDSkW93v7gVKDqPkXyZF1oSWa6wSAOeznMFVlVYRbEo1Eab753lpi7tEXOG7hEN3y2yKLRTsVLlu5k6X1lbyaRqeYo0ZDKVWl73RacNQftQJCmoPrIgEv7LVc3488H0ZfBDVUhxgcsIvNCwqWD5bxuowIDx8U7gZUtSPA6VxqnDsUridPsCqprafWl24fphtt3M6SMsFX5vUKLLJlqReF0Lm2bidHsbfzfw3GBtxCO8dasSyMO1YKNOmBQIKFbqZonBdf7OhkKkhhACBsNVWYjZbHDJNYM2tFDn4fSBkjNknTKLagveoxGzyvZgKHptXGunbKqzjeHM9D03OWAtGlmbpuge8YqJdKRV2sQaopqBmCycJjPeVRcbJQ2WzKU2BE7N8W0fuIlPgnT4ThStaEfyFAMUcvZNNX8ncoQlih9QcnQmAK712UaLNSs1huju5r45Zuuw3dxJyGEm58D4aQrKqNcfszqmT9OdmfvxbUZnLeWbVmrX1hLU6l4JPjE6i3zqnJM19X39sUbGFrKIiS5z8gGAIVzK2MK7G6djDrFdNvbWqND6OZMtSBuUq11czVoy9C3R0ZiH5qMGTPjo22Cm8c69SNg0XbDZA9SI49Tq7UnQtmwiXm7kesa58pp7HwcUtbxQ24jvHSUyTxFTEAeTnHY9fBC3uARhogIG9maT7QgPSpucdi87rkwsDwRtGs3Rk7mDLnXk7eRXaR8eaNSAD9","sku_id":12000052961797160,"shop_name":"Shop1102923529 Store","sale_price":"38.25","product_title":"Cute Cartoon Funny dozing expression Phone Cases For iPhone 17 16 15 14 13 Pro Max Plush Soft Protection Cover","hot_product_commission_rate":"0.0%","shop_id":1102923529,"app_sale_price_currency":"CNY","sale_price_currency":"CNY","lastest_volume":2,"target_app_sale_price":"5.54","commission_rate":"7.0%"},{"app_sale_price":"39.77","original_price":"79.54","product_detail_url":"https://www.aliexpress.com/item/1005010641452792.html?pdp_npi=4%40dis%21USD%2111.52%215.76%21%21%2179.54%2139.77%21%4021413d5a17697336334984721e2605%2112000053058527597%21affd%21%21%21","product_small_image_urls":{"string":["https://ae-pic-a1.aliexpress-media.com/kf/S1497b8a2cd2a4951bfa8f33a575144f6q.jpg","https://ae-pic-a1.aliexpress-media.com/kf/S8df6296d17cf4da185683c3dfee81639M.jpg","https://ae-pic-a1.aliexpress-media.com/kf/S8818ed2b54bb460bb6132fca38bf07c84.jpg","https://ae-pic-a1.aliexpress-media.com/kf/Scf8763a639ad4eaf873feb815b00c86cD.jpg","https://ae-pic-a1.aliexpress-media.com/kf/Sbc42e4a4616a4586aeebd8785e85b280y.jpg","https://ae-pic-a1.aliexpress-media.com/kf/Sc92bf5b243264cf899f401878e912a3c3.jpg"]},"second_level_category_name":"Mobile Phone Cases & Covers","target_sale_price":"5.76","second_level_category_id":202228401,"discount":"50%","product_main_image_url":"https://ae-pic-a1.aliexpress-media.com/kf/S1497b8a2cd2a4951bfa8f33a575144f6q.jpg","first_level_category_id":202192403,"target_sale_price_currency":"USD","target_app_sale_price_currency":"USD","tax_rate":"0.00","original_price_currency":"CNY","shop_url":"https://www.aliexpress.com/store/1102923529","target_original_price_currency":"USD","product_id":1005010641452792,"target_original_price":"11.52","product_video_url":"","first_level_category_name":"Phones & Telecommunications Accessories","promotion_link":"https://s.click.aliexpress.com/s/NdpwztbAIgDMmxGbP8fFks7yUFfsHjzlImSYmA68h7xlMRgzueFsRgokQ9f9hcpVKttxtQE2VzIoqkXJXrpOr6uR3zv7mP4CDO9CddoFf4t0QE5DXPy8Pgjhz4irfQSEjEGUmy5yF3A5gJ9h3NYjLMgqIMqa3zcpq5E2BC3W5EbV40Dm9buQxWpZzw1lbX8Zm2kZtNIa4KyDieNjsH7IU6Yv8StELKVvT9r4eFAaXPGhwHsgaDqdNcmY116r3GC2YvsOopeiiZPhJrV0cwgOQDSkW93v7gVKDqPkXyZF1oSWa6wSAOeznMFVlVYQ2eKggRNAlBEKgLN6J8eYWOyjuFVrHMpg2wtcOL1pf7njAr70dxtg4fa3fQsx3Mr8ZZVxKTKOvhq3kNn46KlwP5G3mJMqJazc8TJK17vBHSSMZmbC6ZgEh9ZyqXpSpN53nS2zIji2I6oSz9oMqREtLEulWEuxC4q0JZioCHXH5V848sQQpYbq91ZZp0nMYjcifCA62XmQuVvWNFS26nMQqnRQVICFrlYXCRtHhDjoH7aiH3Vo5pcXRB5GuHWJNTTY41XkECpTDnXiXHgZMzkQB1FRWhoeM6ZUVwUQ4BiWcgbB3Kscs8cLHnrDZahm0kXJpTDR48iEqENGFrtdzEFn0QXxk7BzKxZp7gSQhSFKn25beo9FoY908ILazVBhVoDwzwZcwsAvDwypelDYmwy1RmWLKpER7QZcyEKMUgOQKip0ZZzM9r8LoLqoZidNXQG5eo79shy8NA4LFMHDrqkUIqGDmSDz962qbtJYvkmKCYv8cHlbVx3CLPgkGYeardFaGkDoTcnYdjJT1mOglsapLRH3QiLIaGkcfWBZyN87H5S6ToFZ1HhjuNIxRdUKtw6PHUdL9ANPRUz6uSAHbrsCdbOGNSgXaAZ1pnzNhFxS29zoqqf0Xau0yS7cpWA3Ue7JOJWmuwkTxKfxvkMSdz3SMhtKPQfE6kkvEoFvOxF1gCkzfDWSJ","sku_id":12000053058527596,"evaluate_rate":"100.0%","shop_name":"Shop1102923529 Store","sale_price":"39.77","product_title":"Adorable Pig Plush Shell for 17 pro max 16pro 15plus 14 13 Grid Smooth Soft Plush Cover Cute Animal Design Protective Case","hot_product_commission_rate":"0.0%","shop_id":1102923529,"app_sale_price_currency":"CNY","sale_price_currency":"CNY","lastest_volume":2,"target_app_sale_price":"5.76","commission_rate":"7.0%"},{"original_price":"4.99","product_detail_url":"https://www.aliexpress.com/item/1005009904363397.html?pdp_npi=4%40dis%21USD%214.99%214.99%21%21%214.99%214.99%21%4021413d5a17697336334984721e2605%2112000050533041787%21affd%21%21%21","product_small_image_urls":{"string":["https://ae-pic-a1.aliexpress-media.com/kf/S6176dedfd7ef41ecabc5261adffcf0574.jpg","https://ae-pic-a1.aliexpress-media.com/kf/Sbe3f3e1740c745c48181581f5ce8bb61r.jpg","https://ae-pic-a1.aliexpress-media.com/kf/S11611a518f1c42fe8c5bf080a867ad6dj.jpg"]},"second_level_category_name":"Mobile Phone Cases & Covers","target_sale_price":"4.99","second_level_category_id":202228401,"discount":"0%","product_main_image_url":"https://ae-pic-a1.aliexpress-media.com/kf/S6176dedfd7ef41ecabc5261adffcf0574.jpg","first_level_category_id":202192403,"target_sale_price_currency":"USD","tax_rate":"0.00","original_price_currency":"USD","shop_url":"https://www.aliexpress.com/store/1102251041","target_original_price_currency":"USD","product_id":1005009904363397,"target_original_price":"4.99","product_video_url":"","first_level_category_name":"Phones & Telecommunications Accessories","promotion_link":"https://s.click.aliexpress.com/s/NdpwztbAIgDMmxGbP8fFks7yUFfsHjzlImSYmA68h7xlMRgzueFsRgokQ9f9hcpVKttxtQE2VzIoqkXJXrpOr6uR3zv7mP4CDO9CddoFf4t0QE5DXPy8Pgjhz4irfQSEjEGUmy5yF3A5gJ9h3NYjLMgqIMqa3zcpq5E2BC3W5EbV40Dm9buQxWpZzw1lbX8Zm2kZtNIa4KyDieNjsH7IU6Yv8StELKVvT9r4eFAaXPGhwHsgaDqdNcmY116r3GC2YvsOopeiiZPhJrV0cwgOQDSkW93v7gVKDqPkXyZF1oSWa6wSAOeznMFVlVYQlpDdu1UUQBLYnFMuGQNzes0MTcubwpKmvL0tYAh8Fhz1iIFytQeWAr3bCJj25VXvWqluH3mTBLjgLTf2Vl8qJFLTuG08K6R0E3nTwgeHgQ16WxJC8IhLCI7XPoxRcEg0Qbhlp8z0WLNkdtF34yRCaMWPzYv9F7R8L3FK9i2AbZQu0nelekdPUqGhzSFpuQaLkTol7rPDhYFl1DeU1ueHb8Bd70XSpqc1E030TvHoTYBzDyFngTqfv8XXo8BJbBlS1Q1cW8UrXLUC9D1ZULn1vbVdCe9HcBB4JnMPkP1uYAXGRqrfj72ckvbYc8sNilduJvVwHvxPTTQnKhUvJufnQjldYgN4OVhiMIAtG57gqka5Kt4iMkCJevDCZP91KrpayFSU7sYEQnoBbCFVexwf3aryVZBuD2IbOi2SNIDrmmeKTiP1UWfWkwaILx2EJ1cQpAADopKFXByCJtKuBdjrQFRcDZ8CVzItdwOSMsgvzJ0KpwDqlbNZkuBXzhPyixpS2QNr7OXxgTHNLkeMKNQD5nNDdffJJKxg8qYTRMkyres4naGiC9OqAzcS9nOvVII3LxJ9PwYpQTa1lvjpPUJcSUR6Ws3en6itncoAQxybyRS68dpUv08RUUtxQ9PsFrD8z6mTIm48KAoYAdIGh7hHsNClc4KdMRHIL0ff0cRIPJJ6yWPHh","sku_id":12000050533041788,"shop_name":"KaiBoDi Store","sale_price":"4.99","product_title":"Cute Monster Hat Phone Case with Crossbody Strap for iPhone 11-16 Pro Max Huawei Android, Soft Silicone Shockproof Cover","hot_product_commission_rate":"0.0%","shop_id":1102251041,"sale_price_currency":"USD","lastest_volume":0,"commission_rate":"7.0%"},{"original_price":"4.66","product_detail_url":"https://www.aliexpress.com/item/1005009903789111.html?pdp_npi=4%40dis%21USD%214.66%214.66%21%21%214.66%214.66%21%4021413d5a17697336334984721e2605%2112000050530846566%21affd%21%21%21","product_small_image_urls":{"string":["https://ae-pic-a1.aliexpress-media.com/kf/Secc846054cdc4076a74a8dce59cf04a6Q.jpg","https://ae-pic-a1.aliexpress-media.com/kf/Sfbccb855be9e456d988e48abeca0b21e8.jpg","https://ae-pic-a1.aliexpress-media.com/kf/S1db86ab4b4eb41c8a6e1c6dcebcee793P.jpg","https://ae-pic-a1.aliexpress-media.com/kf/S55f86a306e0746699f089fa4bb6cf4e7T.jpg"]},"second_level_category_name":"Mobile Phone Cases & Covers","target_sale_price":"4.66","second_level_category_id":202228401,"discount":"0%","product_main_image_url":"https://ae-pic-a1.aliexpress-media.com/kf/Secc846054cdc4076a74a8dce59cf04a6Q.jpg","first_level_category_id":202192403,"target_sale_price_currency":"USD","tax_rate":"0.00","original_price_currency":"USD","shop_url":"https://www.aliexpress.com/store/1102251041","target_original_price_currency":"USD","product_id":1005009903789111,"target_original_price":"4.66","product_video_url":"","first_level_category_name":"Phones & Telecommunications Accessories","promotion_link":"https://s.click.aliexpress.com/s/NdpwztbAIgDMmxGbP8fFks7yUFfsHjzlImSYmA68h7xlMRgzueFsRgokQ9f9hcpVKttxtQE2VzIoqkXJXrpOr6uR3zv7mP4CDO9CddoFf4t0QE5DXPy8Pgjhz4irfQSEjEGUmy5yF3A5gJ9h3NYjLMgqIMqa3zcpq5E2BC3W5EbV40Dm9buQxWpZzw1lbX8Zm2kZtNIa4KyDieNjsH7IU6Yv8StELKVvT9r4eFAaXPGhwHsgaDqdNcmY116r3GC2YvsOopeiiZPhJrV0cwgOQDSkW93v7gVKDqPkXyZF1oSWa6wSAOeznMFVlVZbuytaUBOMeJ037Nrw7ltNzAxLDzaz56OkhXen754lmKIX4kzUClOwp7awLXDsq9fDYj8RnBPKwnry8BTioKMkfpHBLyJS6MCLFgzM0RPdtkRMH1mGo8kD4qFUhUqq3iJkKilI0qik9qKlWFP8EsMui0WQrZtXbVy3FnIjNJJ39E9dNQYqjv8gIbsvOBT5skRBkjkoJZeTsh7MPWL57WeWBN7TbBthBMZ2n8Dro3ol8SqHTOU7bYeTgs6Llif9X6ert25LZO7e5QSRTanFfVOmiY0FW0tcdsnKNT4TECxn8OG1YmFjwzWYIOVYL9PhAqApdyz1TxQ7YktBb4LW6lWaiea6I9NSqZoh5jvoVzP8i24OSGXNtd7KSt4qN0gDYtOqemLceWP7qdd91gTJuaSYPHaZH8zpMHTNZEc8BnwDxp1QNYcmhGyHMsh8B7aprhkcKbvMLbKjHS9vcK5xaYzrCQ3dgji7aqmbpxJCXLE1FcRHh6ROBsM6diZjHNVXcT4aJG0Ocaykoud9qbyYkxNSSY85zsoC1tcBtXVv2OtEZfBBATj3EDV2WRmBmEzyoyekMcDheBe3LVVxeErXEJPW4dgIa9pH5qbpyJc98FnUc3J6njqZ0ddJN3ZWI1jd4GEbPJdTjwoltcKQ7sG2YilEAWopkyJ7uAufTqCRVCbvS6h5rgfUn","sku_id":12000050530846566,"shop_name":"KaiBoDi Store","sale_price":"4.66","product_title":"Plush Teddy Bear Phone Case with Crossbody Strap for iPhone 11-16 Pro Max Android, Unique Soft Silicone Shockproof Cover","hot_product_commission_rate":"0.0%","shop_id":1102251041,"sale_price_currency":"USD","lastest_volume":0,"commission_rate":"7.0%"},{"app_sale_price":"92.30","original_price":"196.38","product_detail_url":"https://www.aliexpress.com/item/1005010525950007.html?pdp_npi=4%40dis%21USD%2128.44%2113.37%21%21%21196.38%2192.30%21%4021413d5a17697336334984721e2605%2112000052700889189%21affd%21%21%21","product_small_image_urls":{"string":["https://ae-pic-a1.aliexpress-media.com/kf/S8f75c856f507495e9d41e0e7f34ae059H.jpg","https://ae-pic-a1.aliexpress-media.com/kf/Sfc1fd5ee52d24e1e910d9788de4319d2c.jpg","https://ae-pic-a1.aliexpress-media.com/kf/Sb613a08c32d344ac8eebcafd44af6873m.jpg","https://ae-pic-a1.aliexpress-media.com/kf/S1e3f0b4a71884ce4a29b70903f17cf4db.jpg","https://ae-pic-a1.aliexpress-media.com/kf/S79015fcae6774731b1d638dcb1ded983A.jpg","https://ae-pic-a1.aliexpress-media.com/kf/S74df49ca5b1148bc9d78e78d542425c82.jpg"]},"second_level_category_name":"Holders & Stands","target_sale_price":"13.37","second_level_category_id":202228620,"discount":"53%","product_main_image_url":"https://ae-pic-a1.aliexpress-media.com/kf/S8f75c856f507495e9d41e0e7f34ae059H.jpg","first_level_category_id":202192403,"target_sale_price_currency":"USD","target_app_sale_price_currency":"USD","tax_rate":"0.00","original_price_currency":"CNY","shop_url":"https://www.aliexpress.com/store/1103846685","target_original_price_currency":"USD","product_id":1005010525950007,"target_original_price":"28.44","product_video_url":"","first_level_category_name":"Phones & Telecommunications Accessories","promotion_link":"https://s.click.aliexpress.com/s/NdpwztbAIgDMmxGbP8fFks7yUFfsHjzlImSYmA68h7xlMRgzueFsRgokQ9f9hcpVKttxtQE2VzIoqkXJXrpOr6uR3zv7mP4CDO9CddoFf4t0QE5DXPy8Pgjhz4irfQSEjEGUmy5yF3A5gJ9h3NYjLMgqIMqa3zcpq5E2BC3W5EbV40Dm9buQxWpZzw1lbX8Zm2kZtNIa4KyDieNjsH7IU6Yv8StELKVvT9r4eFAaXPGhwHsgaDqdNcmY116r3GC2YvsOopeiiZPhJrV0cwgOQDSkW93v7gVKDqPkXyZF1oSWa6wSAOeznMFVlVZD78VshZFiHhNi977Jkl9NQV7o0ARgJ2tDzreUTtn3BmnzWlikyujR1T1MuGp8VYK4yg4Yj5iXbFsPezgR1F3lvQAzcmLt8zP6sDmBytuQdaVAKVcvT5xFUg3z0pF21nd4IeqWjvaWwfRq6BMG8T4HYw3jQoiPHfC15j1X55JIH9dRQ90huzIB8VsPawqurblY1ZQITkKQ1wjzFZuIJ2yUyoCj1jjnGtB2HgrPFiTO8tIMHabLnrEZ8qve1HrT67lCPPCKKIQbPL6ol5PNcbK5QWkF4k9gYsZelWEUAsAAy1UjbTj3wRnS0OHlAFuBrM42zPof64WSC7fHoQ8Kwe80SC5saWI47JobmKchZgo49appnT1jFkhdXqXbz6lGTkjgO72vZq7sOPJ31mA7YKNqpMC8iIYtQXYHOQ8IgWhELH4f0MXtw6sJ5iknNGivgnU4JT6qvT8rn1zshL1AHO92dXjjvd9HNFI01Sv32TudFnxzgiSTyRs2t1aiWMxVzrNPnKl97N5hFhWg6YZuzFDQaCBK38r2aKVAOXkEvmq051V7tL25HOn830vKJDb9ZsQKL1enojvOoz5DLVGHmgEo2uPxb9xBcUeZ62plZFem6A5kbg92iRRzezBfBAzo53Vb0kM3eMnAOi18KklHIeARrVNTitoOfpCtvYjapX2fNWhTBeOKf","sku_id":12000052700889188,"shop_name":"VIKEFON 3C Store","sale_price":"92.30","product_title":"Magnetic Wireless Charger Mount Vacuum Suction Cup Car Phone Holder Stand For iPhone 17 16 15 14 13 12 Pro Max Fast Charging","hot_product_commission_rate":"0.0%","shop_id":1103846685,"app_sale_price_currency":"CNY","sale_price_currency":"CNY","lastest_volume":2,"target_app_sale_price":"13.37","commission_rate":"7.0%"},{"app_sale_price":"4.52","original_price":"9.04","product_detail_url":"https://www.aliexpress.com/item/1005010588781328.html?pdp_npi=4%40dis%21USD%211.31%210.66%21%21%219.04%214.52%21%4021413d5a17697336334984721e2605%2112000052909258409%21affd%21%21%21","product_small_image_urls":{"string":["https://ae-pic-a1.aliexpress-media.com/kf/S8f9c73731e864667ad5fa0764226c44bb.jpg","https://ae-pic-a1.aliexpress-media.com/kf/S0945b26cc0814f648c5396bc47d90789p.jpg","https://ae-pic-a1.aliexpress-media.com/kf/Sb36b0799c2e74aee9ce4636766a835e11.jpg","https://ae-pic-a1.aliexpress-media.com/kf/Scaf459838a2e4ba0bc3a4992345871d9V.jpg","https://ae-pic-a1.aliexpress-media.com/kf/Sd6d8afe7760c4556870ebd8eadb1c5efC.jpg","https://ae-pic-a1.aliexpress-media.com/kf/S8ee170166e3143fca8ed8c819ebb8589V.jpg"]},"second_level_category_name":"Holders & Stands","target_sale_price":"0.66","second_level_category_id":202228620,"discount":"50%","product_main_image_url":"https://ae-pic-a1.aliexpress-media.com/kf/S8f9c73731e864667ad5fa0764226c44bb.jpg","first_level_category_id":202192403,"target_sale_price_currency":"USD","target_app_sale_price_currency":"USD","tax_rate":"0.00","original_price_currency":"CNY","shop_url":"https://www.aliexpress.com/store/1104273066","target_original_price_currency":"USD","product_id":1005010588781328,"target_original_price":"1.31","product_video_url":"","first_level_category_name":"Phones & Telecommunications Accessories","promotion_link":"https://s.click.aliexpress.com/s/NdpwztbAIgDMmxGbP8fFks7yUFfsHjzlImSYmA68h7xlMRgzueFsRgokQ9f9hcpVKttxtQE2VzIoqkXJXrpOr6uR3zv7mP4CDO9CddoFf4t0QE5DXPy8Pgjhz4irfQSEjEGUmy5yF3A5gJ9h3NYjLMgqIMqa3zcpq5E2BC3W5EbV40Dm9buQxWpZzw1lbX8Zm2kZtNIa4KyDieNjsH7IU6Yv8StELKVvT9r4eFAaXPGhwHsgaDqdNcmY116r3GC2YvsOopeiiZPhJrV0cwgOQDSkW93v7gVKDqPkXyZF1oSWa6wSAOeznMFVlVYQ8WvJLVACmy1rv8kUX1xGV7deGm9i4PUfkqkQC7LKNleXitksz1ONYoPRFh20OJxN99waesRygRqugb3u1SlIZgcRy4j31zNfF2KmQxF55l0KVy9KvDJNEbMuxwmNbUbCkKZAAuCRbddSXMTSfcXr2kFZlC97XVET8a2H2nB9koyeZhr5SZ8NKwW6AFMhkvFvbYbfQDJsXL72gbdphFhNzrxTEGPXXjmp4tytOzDbxzLDbRtd9rH6VrNszHEEm4ZJsLfW74vHR6pjHwEZYGxLdJDzZ0ZedanRZPyplrIFpAPXWBlYziG09xndQzE49cc0wqzseHOqku9z2I8COPQ0KRRQ1zeaHPItpgIhp5txQPyvd1fIevY7iXmFUwWcU8CqW3LJhte01MI1orjVDXMKdcaTsvqNECBW25GNp6Jk8ydAVbjKSp8dhHQANZzBTwwct1jmVf9WEU7av4KJRMVBJl1JQt0CXnj5SSTWgTM7Sf1y9gBANUzN6e5L1OlxeGAkiNcMc1LHtiWpWqFDMsXAlv5X9EohjWezGw3znnZEMoeYa67isBkbseP8Qg9auWTRFcpdgVcvdmhBAbNF2MxoBmvTFRSfd8FLL8yVKhlF4xVhT2qrGokwDnS2rsjHeyBKC6DJQ7tnohoIZOTJpplxgIl2GECFdWcR9p6SBXMnDl4Np0C47","sku_id":12000052909258408,"evaluate_rate":"100.0%","shop_name":"Shop1104273066 Store","sale_price":"4.52","product_title":"Silicone Suction Phone Holder Mat Multifunctional Suction Cup Wall Stand Square Anti-Slip Single-Sided Case Mount Back Sticker","hot_product_commission_rate":"0.0%","shop_id":1104273066,"app_sale_price_currency":"CNY","sale_price_currency":"CNY","lastest_volume":153,"target_app_sale_price":"0.66","commission_rate":"7.0%"},{"app_sale_price":"82.98","original_price":"165.97","product_detail_url":"https://www.aliexpress.com/item/1005010315125703.html?pdp_npi=4%40dis%21USD%2124.03%2112.01%21%21%21165.97%2182.98%21%4021413d5a17697336334984721e2605%2112000052033955470%21affd%21%21%21","product_small_image_urls":{"string":["https://ae-pic-a1.aliexpress-media.com/kf/Sb4cd13071e2d414884e8f56b7c9d3088R.jpg","https://ae-pic-a1.aliexpress-media.com/kf/S045e72a3cd2947a2b4d9c92f876aacb9j.jpg","https://ae-pic-a1.aliexpress-media.com/kf/S119ce743e6ef4460ad9b5bb43eaf3859I.jpg","https://ae-pic-a1.aliexpress-media.com/kf/Safe20d0bf49043faa7ab7ae982a761d7n.jpg","https://ae-pic-a1.aliexpress-media.com/kf/S49a64b8ac2174afea232859e44bca1ceN.jpg","https://ae-pic-a1.aliexpress-media.com/kf/S7fdfdcd904ee4ef29c8d3f4cee87f2996.jpg"]},"second_level_category_name":"Portable Audio & Video","target_sale_price":"12.01","second_level_category_id":100000306,"discount":"50%","product_main_image_url":"https://ae-pic-a1.aliexpress-media.com/kf/Sb4cd13071e2d414884e8f56b7c9d3088R.jpg","first_level_category_id":44,"target_sale_price_currency":"USD","target_app_sale_price_currency":"USD","tax_rate":"0.00","original_price_currency":"CNY","shop_url":"https://www.aliexpress.com/store/1103724120","target_original_price_currency":"USD","product_id":1005010315125703,"target_original_price":"24.03","product_video_url":"","first_level_category_name":"Consumer Electronics","promotion_link":"https://s.click.aliexpress.com/s/NdpwztbAIgDMmxGbP8fFks7yUFfsHjzlImSYmA68h7xlMRgzueFsRgokQ9f9hcpVKttxtQE2VzIoqkXJXrpOr6uR3zv7mP4CDO9CddoFf4t0QE5DXPy8Pgjhz4irfQSEjEGUmy5yF3A5gJ9h3NYjLMgqIMqa3zcpq5E2BC3W5EbV40Dm9buQxWpZzw1lbX8Zm2kZtNIa4KyDieNjsH7IU6Yv8StELKVvT9r4eFAaXPGhwHsgaDqdNcmY116r3GC2YvsOopeiiZPhJrV0cwgOQDSkW93v7gVKDqPkXyZF1oSWa6wSAOeznMFVlVZeEI8ykNFRUmO3wreuJ1QQXXFMbDDqmXaHz5UayoOFNYQuFFNRtIZqBc5aN8S5dyEwHgfuHVIlvKF71NvpLipne62DskcWLiuRZx1lsF8oVQ82wBqdE8ah0ZjRoLtJXHZdfOjBt7hjK6tGOX4QsZ5KEtZakw3NvCr9vwqXtbSoW6c1KDUE1RCMoSRLQOTprviyCo4k4pDbIQ5fznaePgBymgWUiZqOw4j0BvvPdvnjKgawqrI6adNc7TZxd9oAWkuej1U9e4KsepyR9Y32Go3jagNKw4lDILdvoufw1WfjynFKzdk0PkaoEi6UaHdEvPlW9YbVSzziKSwcyN6N0cEFdQnYntyPXQtjhQMG7XuADu5r5Jj4aCSb4EujycRSD7lAWxkJuFetRlCwxVvzrLwGAn9S2VRciThvenluRNuZzWq02yGlhI7q6FZk7NqRJr7qkqYocakMyk2BML22916qKXeWBAhWuijyh7q1htTIBLeuxsR70SNkk0jMrgk7Dn9dfFAiEe2GDOcmMz9p1eo01iuLPxHqfJHG88544rAoisD6XkW8AfcPGL2jToFhQDiuTiDcktC1uXUdyzMnBXbF8sjwviQkIXYE30HeGiPB0LLK3GuibyWovhKiSsvuj4y3r4oRhnZIgQ2niBWQ7Ci2wbLExfO2SMTfcGahbficjKvcwPU9H","sku_id":12000052033955470,"shop_name":"Bessis Digital Store","sale_price":"82.98","product_title":"Wireless Lavalier Lapel Mini Microphone Magnetic Clip for iPhone iPad Android Outdoor Live Streaming Recording Interviews","hot_product_commission_rate":"0.0%","shop_id":1103724120,"app_sale_price_currency":"CNY","sale_price_currency":"CNY","lastest_volume":1,"target_app_sale_price":"12.01","commission_rate":"7.0%"},{"app_sale_price":"16.32","original_price":"24.00","product_detail_url":"https://www.aliexpress.com/item/1005010260375905.html?pdp_npi=4%40dis%21USD%213.48%212.37%21%21%2124.00%2116.32%21%4021413d5a17697336334984721e2605%2112000051702426188%21affd%21%21%21","product_small_image_urls":{"string":["https://ae-pic-a1.aliexpress-media.com/kf/S1a2aff112c9d449498df14bed2e0dc00C.jpg","https://ae-pic-a1.aliexpress-media.com/kf/S8d7274779dfa454482fcf2e2524ccd562.jpg","https://ae-pic-a1.aliexpress-media.com/kf/Sea4dd4e223e849b89710f8b4a943b946Y.jpg","https://ae-pic-a1.aliexpress-media.com/kf/Se3db324610494c29a80d8817f40ef6bdq.jpg","https://ae-pic-a1.aliexpress-media.com/kf/S2d677c5eb0934aec8aeabc676d034cefx.jpg"]},"second_level_category_name":"Mobile Phone Cases & Covers","target_sale_price":"2.37","second_level_category_id":202228401,"discount":"32%","product_main_image_url":"https://ae-pic-a1.aliexpress-media.com/kf/S1a2aff112c9d449498df14bed2e0dc00C.jpg","first_level_category_id":202192403,"target_sale_price_currency":"USD","target_app_sale_price_currency":"USD","tax_rate":"0.00","original_price_currency":"CNY","shop_url":"https://www.aliexpress.com/store/1104891429","target_original_price_currency":"USD","product_id":1005010260375905,"target_original_price":"3.48","product_video_url":"","first_level_category_name":"Phones & Telecommunications Accessories","promotion_link":"https://s.click.aliexpress.com/s/NdpwztbAIgDMmxGbP8fFks7yUFfsHjzlImSYmA68h7xlMRgzueFsRgokQ9f9hcpVKttxtQE2VzIoqkXJXrpOr6uR3zv7mP4CDO9CddoFf4t0QE5DXPy8Pgjhz4irfQSEjEGUmy5yF3A5gJ9h3NYjLMgqIMqa3zcpq5E2BC3W5EbV40Dm9buQxWpZzw1lbX8Zm2kZtNIa4KyDieNjsH7IU6Yv8StELKVvT9r4eFAaXPGhwHsgaDqdNcmY116r3GC2YvsOopeiiZPhJrV0cwgOQDSkW93v7gVKDqPkXyZF1oSWa6wSAOeznMFVlVZDqRwz4bdaprQFSo00v2GLC3IZKcwKmQelwsSgv90OUSjVZzZO34WuAmrNwHkwjZqsI10hFmYYWZwNkwH5k2nyycG7yX43rCV6t0YDv0EkKeHBJoPCddTYm4ccA9cC067kHPwsg1N6N8ZJNqS07m0T1JL2rlDIthRElQ9CIUmst6TONImmVZUqkPQmGfJ9EjG14U0rSI3MGCukN1Cw3mdMdteoCArNDM33d4wSaFHU6Xzwxheai7GtKFt7zykKOMtIB6HH7lkYhBsnT3BBLuscXiOU6kVN9n2L2VTMUVvPRdv0KHbOCKegmBdSNCFoVLzU6ETcLFHD5xVPN7L021m2xj3CvljW4zu8TQbPigYAVtR70HU28Wz2kp3NxMCvkubkIYRXgmD45oughJ4GUUD7lTZEX18IGBdKbMtuIizJoF3AePyP0FxV8REzQID54HRkCD6q0DB4A3KLc6OIpcj46djFdbsI1poWptSVYQZ8XrEHOPTYdx5vnR0Zmn060BXzKjKD6AQxtpgeUPxp1Zz4RNcajUO73oqCAKSE6blPdCmbSdnFeeotXzSxitcF92AqOU2kjiSAR8z1hV16WcxFHjSIRsEvK9o1MN1BcNH85xzlDbxDyVqb3vq0bLqsgEk50jcTmI1XXrgFUBEFg8E6JOGCuERwMbNsAUvznkiojL57cLPgf","sku_id":12000051702426188,"shop_name":"YAOSUM Store","sale_price":"16.32","product_title":"Suitable for iPhone 15 Promax phone case iPhone 14 lion dance plush toy 13 New Year celebration 12 soft silicone","hot_product_commission_rate":"16.0%","shop_id":1104891429,"app_sale_price_currency":"CNY","sale_price_currency":"CNY","lastest_volume":0,"target_app_sale_price":"2.37","commission_rate":"7.0%"},{"app_sale_price":"13.21","original_price":"27.52","product_detail_url":"https://www.aliexpress.com/item/1005010763834083.html?pdp_npi=4%40dis%21USD%213.98%211.91%21%21%2127.52%2113.21%21%4021413d5a17697336334984721e2605%2112000053428810118%21affd%21%21%21","product_small_image_urls":{"string":["https://ae-pic-a1.aliexpress-media.com/kf/Sb5eda938ad2148458c1e432701cab616u.jpg","https://ae-pic-a1.aliexpress-media.com/kf/S1de36d4ea91747f3a64c766fb4aefa4f7.jpg","https://ae-pic-a1.aliexpress-media.com/kf/S5bf057e0cabf43f59066e5fd9dcb1cc4x.jpg","https://ae-pic-a1.aliexpress-media.com/kf/Sec9a2bceaf22444690208066d714034cp.jpg","https://ae-pic-a1.aliexpress-media.com/kf/S6cd02b5ffd1449c785a77f7d9a99b1b4v.jpg","https://ae-pic-a1.aliexpress-media.com/kf/S7a5ac8c56e334804906a82bc532c999cS.jpg"]},"second_level_category_name":"Holders & Stands","target_sale_price":"1.91","second_level_category_id":202228620,"discount":"52%","product_main_image_url":"https://ae-pic-a1.aliexpress-media.com/kf/Sb5eda938ad2148458c1e432701cab616u.jpg","first_level_category_id":202192403,"target_sale_price_currency":"USD","target_app_sale_price_currency":"USD","tax_rate":"0.00","original_price_currency":"CNY","shop_url":"https://www.aliexpress.com/store/1103727604","target_original_price_currency":"USD","product_id":1005010763834083,"target_original_price":"3.98","product_video_url":"","first_level_category_name":"Phones & Telecommunications Accessories","promotion_link":"https://s.click.aliexpress.com/s/NdpwztbAIgDMmxGbP8fFks7yUFfsHjzlImSYmA68h7xlMRgzueFsRgokQ9f9hcpVKttxtQE2VzIoqkXJXrpOr6uR3zv7mP4CDO9CddoFf4t0QE5DXPy8Pgjhz4irfQSEjEGUmy5yF3A5gJ9h3NYjLMgqIMqa3zcpq5E2BC3W5EbV40Dm9buQxWpZzw1lbX8Zm2kZtNIa4KyDieNjsH7IU6Yv8StELKVvT9r4eFAaXPGhwHsgaDqdNcmY116r3GC2YvsOopeiiZPhJrV0cwgOQDSkW93v7gVKDqPkXyZF1oSWa6wSAOeznMFVlVZDHJ3mGJ6yjKOhBme4oBA7I7q3gfc0WiNartyKFEe3xljuWapuOAQiH36tNT1fhLsxVLbtIdbsbgqlrzB3HchNR1PoE4NpJFW522oJk9549FznM3z5TDu618bARuWCWetI33G6wPlnAoKbGXZNnOlFwz1fXbYRXcNxI09tiivgKnkRqFKlxw8coy1TyRrtxigNwDF8S0epLfPJDLm4GDLrsuppovcOyyMaUIZVAxGZ0HqnY2M49dDqICtCtJxsABRFXZOSfaYgsX6ByOktW3GD300PQUE2rlMb3dewd70SmhE9BD52uEPuZPb0UYv5NOLSFz4CpOD1CUYawIs5KYMFRBhK55gKn4mJD0FMlK4YVu2nzupIgUOzjIZbYo3pHWFbqdgvj98S3joJZXuxKVb2yoGvjsPrIar5kXZZzlP82PYQYwBYURSOjUWZW83z4qiLYxuqjQZHQ0YLVbTSpWa71JSpkvBjCzEpFhmkQQqMLacRfhe8kMjIuQDTlEVxinIT6Wv49NwyaochmZVk0eu3Ct3EzHgeGdxRZxfB2B82BmbDfyQpn7diup4PB66LtF1FLkWOc5JVPecwy3iocm1TXNvznZiLwE0y1lS4TgYAnlXKDTUv4xaMPvgWeivam1n0KGZhkNMPGLdm0aKv3lMeiWGl84uopDZgNtRpKvG2bxbLTi6zV","sku_id":12000053428810118,"shop_name":"Shop911130012 Store","sale_price":"13.21","product_title":"For MagSafe Magnetic Ring Holder Adhesive Strong Magnet Cellphone Wall Mount Mobile Phone Tablet Stand for IPhone 17 16 Pro IPad","hot_product_commission_rate":"0.0%","shop_id":1103727604,"app_sale_price_currency":"CNY","sale_price_currency":"CNY","lastest_volume":0,"target_app_sale_price":"1.91","commission_rate":"7.0%"}]}}
Found 0 products
